// Jest Snapshot v1, https://goo.gl/fbAQLP

exports[`работа AddEdit 1`] = `
<div>
  id:
  <span>
    102
  </span>
  <br />
  <label>
    Имя:
    <input
      defaultValue={undefined}
      id="im"
      type="text"
    />
  </label>
  <br />
  <label>
    Фамилия:
    <input
      defaultValue={undefined}
      id="fam"
      type="text"
    />
  </label>
  <br />
  <label>
    Отчество:
    <input
      defaultValue={undefined}
      id="otch"
      type="text"
    />
  </label>
  <br />
  <label>
    Баланс:
    <input
      defaultValue={200}
      id="balance"
      type="number"
    />
  </label>
  <br />
  <input
    id="SaveEdit"
    onClick={[Function]}
    type="button"
    value="Save"
  />
  <input
    id="Cancel"
    onClick={[Function]}
    type="button"
    value="Cancel"
  />
</div>
`;
