// Jest Snapshot v1, https://goo.gl/fbAQLP

exports[`работа ExampleComponent 1`] = `
<div>
  <div
    className="MobileCompany"
  >
    <input
      onClick={[Function]}
      type="button"
      value="=МТС"
    />
    <input
      onClick={[Function]}
      type="button"
      value="=Velcom"
    />
    <div>
      <input
        id="all"
        onClick={[Function]}
        type="button"
        value="Все"
      />
      <input
        id="active"
        onClick={[Function]}
        type="button"
        value="Активные"
      />
      <input
        id="blocked"
        onClick={[Function]}
        type="button"
        value="Заблокированные"
      />
    </div>
    <div
      className="MobileCompanyName"
    >
      Компания «
      Velcom
      »
    </div>
    <div
      className="MobileCompanyClients"
    >
      <table>
        <thead>
          <tr>
            <th>
              Имя
            </th>
            <th>
              Фамилия
            </th>
            <th>
              Отчетсво
            </th>
            <th>
              Баланс
            </th>
            <th>
              Статус
            </th>
            <th>
              Редактировать
            </th>
            <th>
              Удалить
            </th>
          </tr>
        </thead>
        <tbody>
          <tr
            className="MobileClient"
          >
            <td
              className="MobileClientFIO"
            >
              Иван
            </td>
            <td
              className="MobileClientFIO"
            >
              Иванов
            </td>
            <td
              className="MobileClientFIO"
            >
              Иванович
            </td>
            <td
              className="MobileClientFIO"
            >
              200
            </td>
            <td
              className="MobileClientFIO active"
            >
              active
            </td>
            <td
              className="MobileClientFIO"
            >
              <input
                onClick={[Function]}
                type="button"
                value="Edit"
              />
            </td>
            <td
              className="MobileClientFIO"
            >
              <input
                onClick={[Function]}
                type="button"
                value="Delete"
              />
            </td>
          </tr>
        </tbody>
        <tbody>
          <tr
            className="MobileClient"
          >
            <td
              className="MobileClientFIO"
            >
              Сидор
            </td>
            <td
              className="MobileClientFIO"
            >
              Сидоров
            </td>
            <td
              className="MobileClientFIO"
            >
              Сидорович
            </td>
            <td
              className="MobileClientFIO"
            >
              250
            </td>
            <td
              className="MobileClientFIO active"
            >
              active
            </td>
            <td
              className="MobileClientFIO"
            >
              <input
                onClick={[Function]}
                type="button"
                value="Edit"
              />
            </td>
            <td
              className="MobileClientFIO"
            >
              <input
                onClick={[Function]}
                type="button"
                value="Delete"
              />
            </td>
          </tr>
        </tbody>
        <tbody>
          <tr
            className="MobileClient"
          >
            <td
              className="MobileClientFIO"
            >
              Пётр
            </td>
            <td
              className="MobileClientFIO"
            >
              Петров
            </td>
            <td
              className="MobileClientFIO"
            >
              Петрович
            </td>
            <td
              className="MobileClientFIO"
            >
              180
            </td>
            <td
              className="MobileClientFIO active"
            >
              active
            </td>
            <td
              className="MobileClientFIO"
            >
              <input
                onClick={[Function]}
                type="button"
                value="Edit"
              />
            </td>
            <td
              className="MobileClientFIO"
            >
              <input
                onClick={[Function]}
                type="button"
                value="Delete"
              />
            </td>
          </tr>
        </tbody>
        <tbody>
          <tr
            className="MobileClient"
          >
            <td
              className="MobileClientFIO"
            >
              Григорий
            </td>
            <td
              className="MobileClientFIO"
            >
              Григорьев
            </td>
            <td
              className="MobileClientFIO"
            >
              Григорьевич
            </td>
            <td
              className="MobileClientFIO"
            >
              -440
            </td>
            <td
              className="MobileClientFIO blocked"
            >
              blocked
            </td>
            <td
              className="MobileClientFIO"
            >
              <input
                onClick={[Function]}
                type="button"
                value="Edit"
              />
            </td>
            <td
              className="MobileClientFIO"
            >
              <input
                onClick={[Function]}
                type="button"
                value="Delete"
              />
            </td>
          </tr>
        </tbody>
      </table>
    </div>
    <input
      onClick={[Function]}
      type="button"
      value="Добавить клиента"
    />
  </div>
</div>
`;

exports[`работа ExampleComponent 2`] = `
<div>
  <div
    className="MobileCompany"
  >
    <input
      onClick={[Function]}
      type="button"
      value="=МТС"
    />
    <input
      onClick={[Function]}
      type="button"
      value="=Velcom"
    />
    <div>
      <input
        id="all"
        onClick={[Function]}
        type="button"
        value="Все"
      />
      <input
        id="active"
        onClick={[Function]}
        type="button"
        value="Активные"
      />
      <input
        id="blocked"
        onClick={[Function]}
        type="button"
        value="Заблокированные"
      />
    </div>
    <div
      className="MobileCompanyName"
    >
      Компания «
      Velcom
      »
    </div>
    <div
      className="MobileCompanyClients"
    >
      <table>
        <thead>
          <tr>
            <th>
              Имя
            </th>
            <th>
              Фамилия
            </th>
            <th>
              Отчетсво
            </th>
            <th>
              Баланс
            </th>
            <th>
              Статус
            </th>
            <th>
              Редактировать
            </th>
            <th>
              Удалить
            </th>
          </tr>
        </thead>
        <tbody>
          <tr
            className="MobileClient"
          >
            <td
              className="MobileClientFIO"
            >
              Иван
            </td>
            <td
              className="MobileClientFIO"
            >
              Иванов
            </td>
            <td
              className="MobileClientFIO"
            >
              Иванович
            </td>
            <td
              className="MobileClientFIO"
            >
              200
            </td>
            <td
              className="MobileClientFIO active"
            >
              active
            </td>
            <td
              className="MobileClientFIO"
            >
              <input
                onClick={[Function]}
                type="button"
                value="Edit"
              />
            </td>
            <td
              className="MobileClientFIO"
            >
              <input
                onClick={[Function]}
                type="button"
                value="Delete"
              />
            </td>
          </tr>
        </tbody>
        <tbody>
          <tr
            className="MobileClient"
          >
            <td
              className="MobileClientFIO"
            >
              Сидор
            </td>
            <td
              className="MobileClientFIO"
            >
              Сидоров
            </td>
            <td
              className="MobileClientFIO"
            >
              Сидорович
            </td>
            <td
              className="MobileClientFIO"
            >
              250
            </td>
            <td
              className="MobileClientFIO active"
            >
              active
            </td>
            <td
              className="MobileClientFIO"
            >
              <input
                onClick={[Function]}
                type="button"
                value="Edit"
              />
            </td>
            <td
              className="MobileClientFIO"
            >
              <input
                onClick={[Function]}
                type="button"
                value="Delete"
              />
            </td>
          </tr>
        </tbody>
        <tbody>
          <tr
            className="MobileClient"
          >
            <td
              className="MobileClientFIO"
            >
              Пётр
            </td>
            <td
              className="MobileClientFIO"
            >
              Петров
            </td>
            <td
              className="MobileClientFIO"
            >
              Петрович
            </td>
            <td
              className="MobileClientFIO"
            >
              180
            </td>
            <td
              className="MobileClientFIO active"
            >
              active
            </td>
            <td
              className="MobileClientFIO"
            >
              <input
                onClick={[Function]}
                type="button"
                value="Edit"
              />
            </td>
            <td
              className="MobileClientFIO"
            >
              <input
                onClick={[Function]}
                type="button"
                value="Delete"
              />
            </td>
          </tr>
        </tbody>
        <tbody>
          <tr
            className="MobileClient"
          >
            <td
              className="MobileClientFIO"
            >
              Григорий
            </td>
            <td
              className="MobileClientFIO"
            >
              Григорьев
            </td>
            <td
              className="MobileClientFIO"
            >
              Григорьевич
            </td>
            <td
              className="MobileClientFIO"
            >
              -440
            </td>
            <td
              className="MobileClientFIO blocked"
            >
              blocked
            </td>
            <td
              className="MobileClientFIO"
            >
              <input
                onClick={[Function]}
                type="button"
                value="Edit"
              />
            </td>
            <td
              className="MobileClientFIO"
            >
              <input
                onClick={[Function]}
                type="button"
                value="Delete"
              />
            </td>
          </tr>
        </tbody>
      </table>
    </div>
    <input
      onClick={[Function]}
      type="button"
      value="Добавить клиента"
    />
  </div>
</div>
`;
