// Jest Snapshot v1, https://goo.gl/fbAQLP

exports[`работа MobileClient 1`] = `
<tbody>
  <tr
    className="MobileClient"
  >
    <td
      className="MobileClientFIO"
    />
    <td
      className="MobileClientFIO"
    />
    <td
      className="MobileClientFIO"
    />
    <td
      className="MobileClientFIO"
    >
      200
    </td>
    <td
      className="MobileClientFIO active"
    >
      active
    </td>
    <td
      className="MobileClientFIO"
    >
      <input
        className="Edit101"
        onClick={[Function]}
        type="button"
        value="Edit"
      />
    </td>
    <td
      className="MobileClientFIO"
    >
      <input
        className="Delete101"
        onClick={[Function]}
        type="button"
        value="Delete"
      />
    </td>
  </tr>
</tbody>
`;

exports[`работа MobileClient 2`] = `
<tbody>
  <tr
    className="MobileClient"
  >
    <td
      className="MobileClientFIO"
    />
    <td
      className="MobileClientFIO"
    />
    <td
      className="MobileClientFIO"
    />
    <td
      className="MobileClientFIO"
    >
      200
    </td>
    <td
      className="MobileClientFIO active"
    >
      active
    </td>
    <td
      className="MobileClientFIO"
    >
      <input
        className="Edit101"
        onClick={[Function]}
        type="button"
        value="Edit"
      />
    </td>
    <td
      className="MobileClientFIO"
    >
      <input
        className="Delete101"
        onClick={[Function]}
        type="button"
        value="Delete"
      />
    </td>
  </tr>
</tbody>
`;

exports[`работа MobileClient 3`] = `
<tbody>
  <tr
    className="MobileClient"
  >
    <td
      className="MobileClientFIO"
    />
    <td
      className="MobileClientFIO"
    />
    <td
      className="MobileClientFIO"
    />
    <td
      className="MobileClientFIO"
    >
      200
    </td>
    <td
      className="MobileClientFIO active"
    >
      active
    </td>
    <td
      className="MobileClientFIO"
    >
      <input
        className="Edit101"
        onClick={[Function]}
        type="button"
        value="Edit"
      />
    </td>
    <td
      className="MobileClientFIO"
    >
      <input
        className="Delete101"
        onClick={[Function]}
        type="button"
        value="Delete"
      />
    </td>
  </tr>
</tbody>
`;
